
 KYBER GPU BATCHED | N_TESTS = 32768 
N_TESTS: 32768 
 --- General Information for device 0 ---
Name: NVIDIA GeForce GTX 1070
Compute capability: 6.1
Clock rate: 1873000
Device copy overlap: Enabled
Kernel execition timeout : Enabled
 --- Memory Information for device 0 ---
Total global mem: 8589803520
Total constant Mem: 65536
Max mem pitch: 2147483647
Texture Alignment: 512
 --- MP Information for device 0 ---
Multiprocessor count: 15
Shared mem per mp: 49152
Registers per mp: 65536
Threads in warp: 32
Max threads per block: 1024
Max thread dimensions: (1024, 1024, 64)
Max grid dimensions: (2147483647, 65535, 65535)


 SELECT GPU TYPE (for optimization): 
		GPU_G1060 = 0
		GPU_P6000 = 1
		GPU_940MX = 2
		GPU_V100  = 3
		    (0-3) = 
 SELECTED GPU GeForce GTX 1060 3GB 


 SELECTED GPU ID = 0 

 SERVER MODE (TYPE '1' to enable): 
 SERVER MODE DISABLED [A-B-C]
 =================--------------================------------==================
 COUNT=8 | Time Elapsed: 65.714172 ms. K/s: 121 
 =================--------------================------------================== 
 MESSAGE VERIFICATION COMPLETE #0 !! 
 MESSAGE VERIFICATION COMPLETE #1 !! 
 =================--------------================------------================== 

 =================--------------================------------==================
 COUNT=16 | Time Elapsed: 28.579840 ms. K/s: 559 
 =================--------------================------------================== 
 MESSAGE VERIFICATION COMPLETE #0 !! 
 MESSAGE VERIFICATION COMPLETE #1 !! 
 =================--------------================------------================== 

 =================--------------================------------==================
 COUNT=32 | Time Elapsed: 29.881344 ms. K/s: 1070 
 =================--------------================------------================== 
 MESSAGE VERIFICATION COMPLETE #0 !! 
 MESSAGE VERIFICATION COMPLETE #1 !! 
 =================--------------================------------================== 

 =================--------------================------------==================
 COUNT=64 | Time Elapsed: 27.280384 ms. K/s: 2346 
 =================--------------================------------================== 
 MESSAGE VERIFICATION COMPLETE #0 !! 
 MESSAGE VERIFICATION COMPLETE #1 !! 
 =================--------------================------------================== 

 =================--------------================------------==================
 COUNT=128 | Time Elapsed: 27.311104 ms. K/s: 4686 
 =================--------------================------------================== 
 MESSAGE VERIFICATION COMPLETE #0 !! 
 MESSAGE VERIFICATION COMPLETE #1 !! 
 =================--------------================------------================== 

 =================--------------================------------==================
 COUNT=256 | Time Elapsed: 27.699009 ms. K/s: 9242 
 =================--------------================------------================== 
 MESSAGE VERIFICATION COMPLETE #0 !! 
 MESSAGE VERIFICATION COMPLETE #1 !! 
 =================--------------================------------================== 

 =================--------------================------------==================
 COUNT=512 | Time Elapsed: 29.024672 ms. K/s: 17640 
 =================--------------================------------================== 
 MESSAGE VERIFICATION COMPLETE #0 !! 
 MESSAGE VERIFICATION COMPLETE #1 !! 
 =================--------------================------------================== 

 =================--------------================------------==================
 COUNT=1024 | Time Elapsed: 30.915680 ms. K/s: 33122 
 =================--------------================------------================== 
 MESSAGE VERIFICATION COMPLETE #0 !! 
 MESSAGE VERIFICATION COMPLETE #1 !! 
 =================--------------================------------================== 

 =================--------------================------------==================
 COUNT=2048 | Time Elapsed: 32.553791 ms. K/s: 62911 
 =================--------------================------------================== 
 MESSAGE VERIFICATION COMPLETE #0 !! 
 MESSAGE VERIFICATION COMPLETE #1 !! 
 =================--------------================------------================== 

 =================--------------================------------==================
 COUNT=4096 | Time Elapsed: 41.007874 ms. K/s: 99883 
 =================--------------================------------================== 
 MESSAGE VERIFICATION COMPLETE #0 !! 
 MESSAGE VERIFICATION COMPLETE #1 !! 
 =================--------------================------------================== 

 =================--------------================------------==================
 COUNT=8192 | Time Elapsed: 63.263744 ms. K/s: 129489 
 =================--------------================------------================== 
 MESSAGE VERIFICATION COMPLETE #0 !! 
 MESSAGE VERIFICATION COMPLETE #1 !! 
 =================--------------================------------================== 

 =================--------------================------------==================
 COUNT=16384 | Time Elapsed: 100.666687 ms. K/s: 162754 
 =================--------------================------------================== 
 MESSAGE VERIFICATION COMPLETE #0 !! 
 MESSAGE VERIFICATION COMPLETE #1 !! 
 =================--------------================------------================== 

 =================--------------================------------==================
 COUNT=32768 | Time Elapsed: 191.756958 ms. K/s: 170882 
 =================--------------================------------================== 
 MESSAGE VERIFICATION COMPLETE #0 !! 
 MESSAGE VERIFICATION COMPLETE #1 !! 
 =================--------------================------------================== 


DONE. 